// Jest Snapshot v1, https://goo.gl/fbAQLP

exports[`RadioWithFollowUp renders correctly 1`] = `
<div
  className="RadioGroup"
/>
`;
