// Jest Snapshot v1, https://goo.gl/fbAQLP

exports[`TextArea renders correctly 1`] = `
Array [
  <textarea
    className="TextInput"
    onChange={[Function]}
    rows="4"
  />,
  <div
    className="RequiredError"
  >
    *
  </div>,
]
`;
