// Jest Snapshot v1, https://goo.gl/fbAQLP

exports[`App renders correctly 1`] = `
<div
  className="App"
>
  <div
    className="MainContainer"
  >
    <div
      className="wrapper"
    >
      <div
        className="LanguageSelection"
      >
        <div
          className="gridContainer"
        >
          <div
            className="buttonGrid"
          >
            <div>
              <button
                className="buttonComponent"
                onClick={[Function]}
                value="en"
              >
                English
              </button>
            </div>
            <div>
              <button
                className="buttonComponent"
                onClick={[Function]}
                value="es"
              >
                Español
              </button>
            </div>
            <div>
              <button
                className="buttonComponent"
                onClick={[Function]}
                value="vi"
              >
                Tiếng Việt
              </button>
            </div>
            <div>
              <button
                className="buttonComponent"
                onClick={[Function]}
                value="ko"
              >
                한국어
              </button>
            </div>
            <div>
              <button
                className="buttonComponent"
                onClick={[Function]}
                value="cmn"
              >
                普通话
              </button>
            </div>
          </div>
        </div>
      </div>
      <div
        className="items blur"
      >
        <div
          className="Navbar"
        >
          <img
            alt="CIIT Logo"
            className="logo"
            src="CiiT Logo.png"
          />
          <div
            className="NavLinks"
          >
            <a
              href="/"
              onClick={[Function]}
            />
            <a
              href="/about"
              onClick={[Function]}
            />
            <div
              className="languageDropdown"
            >
              <div
                className="languageSelect"
              >
                <div
                  className="languageSelectContainer"
                >
                  <svg
                    className="languageIcon"
                    height="26px"
                    width="26px"
                  >
                    LanguagePicker.svg
                  </svg>
                  <select
                    onChange={[Function]}
                    value="en"
                  >
                    <option
                      className="languageOption"
                      value="en"
                    >
                      English
                    </option>
                    <option
                      className="languageOption"
                      value="es"
                    >
                      Español
                    </option>
                    <option
                      className="languageOption"
                      value="vi"
                    >
                      Tiếng Việt
                    </option>
                    <option
                      className="languageOption"
                      value="ko"
                    >
                      한국어
                    </option>
                    <option
                      className="languageOption"
                      value="cmn"
                    >
                      普通话
                    </option>
                  </select>
                </div>
              </div>
            </div>
          </div>
        </div>
        <div
          className="main"
        >
          <div
            className="section"
          >
            <div
              className="LandingPage"
            >
              <h1 />
              <div
                className="content"
              >
                <div>
                  <div
                    className="description"
                  >
                    <h2 />
                    <p />
                  </div>
                  <div
                    className="description last"
                  >
                    <h2 />
                    <p />
                    <p />
                  </div>
                  <button
                    className="buttonComponent"
                    onClick={[Function]}
                  />
                </div>
                <img
                  alt="placeholder"
                  src="image placeholder.png"
                />
              </div>
            </div>
          </div>
          <div
            className="footer"
          >
            <div
              className="imgRow"
            >
              <img
                alt="CiiT Logo"
                className="ciitLogo"
                src="CiiT Logo.png"
              />
              <img
                alt="CET-ICP Logo"
                className="ceticpLogo"
                src="CET-ICP Logo.png"
              />
            </div>
            <div
              className="textRow1"
            />
            <div
              className="textRow2"
            />
          </div>
        </div>
      </div>
    </div>
  </div>
</div>
`;
